// Jest Snapshot v1, https://goo.gl/fbAQLP

exports[`<ReportAsTableView />  renders correctly with success data received from server 1`] = `
<div
  style={
    Object {
      "border": "1px solid black",
    }
  }
>
  <div
    className="NotFoundWrapper"
  >
    <div
      className="attentionSign"
    >
      <img
        src="./warning.png"
        width="300"
      />
    </div>
    <div>
      No Data found 
      <span>
        for 
        Report Table
      </span>
    </div>
  </div>
</div>
`;
